_off^_usr, _off^_usr, _off^_usr, _off^_usr, _off^_usr, _off^_usr, _off^_usr, _off^_usr, _off^_usr, _off^_usr, _off^_usr, _off^_usr, _off^_usr, _off^_usr, _off^_usr, _off^_usr, _off^_usr, _off^_usr, _off^_usr, _off^_usr, _off^_usr, _off^_usr, _off^_usr, _off^_usr, _off^_usr, _off^_usr, _off^_usr, _off^_usr, _off^_usr, _off^_usr, _off^_usr, _off^_usr, _off^_usr
_off^_usr, _off^_usr, _off^_usr, _off^_usr, _off^_usr, _off^_usr, _off^_usr, _off^_usr, _off^_usr, _off^_usr, _off^_usr, _off^_usr, _off^_usr, _off^_usr, _off^_usr, _off^_usr, Xu, _off^_usr, _off^_usr, _off^_usr, _off^_usr, _off^_usr, _off^_usr, _off^_usr, _off^_usr, _off^_usr, _off^_usr, _off^_usr, _off^_usr, _off^_usr, _off^_usr, _off^_usr, _off^_usr
_off^_usr, _off^_usr, _off^_usr, _off^_usr, _off^_usr, _off^_usr, _off^_usr, _off^_usr, _off^_usr, _off^_usr, _off^_usr, _off^_usr, _off^_usr, _off^_usr, Xu, Xu, Ww^Vm, Xu, Xu, _off^_usr, _off^_usr, _off^_usr, _off^_usr, _off^_usr, _off^_usr, _off^_usr, _off^_usr, _off^_usr, _off^_usr, _off^_usr, _off^_usr, _off^_usr, _off^_usr
_off^_usr, _off^_usr, _off^_usr, _off^_usr, _off^_usr, _off^_usr, _off^_usr, _off^_usr, _off^_usr, _off^_usr, _off^_usr, _off^_usr, Xu, Xu, Gs^Fms, Wwf, Wwf, Wwf, Ds, Xu, _off^_usr, _off^_usr, _off^_usr, _off^_usr, _off^_usr, _off^_usr, _off^_usr, _off^_usr, _off^_usr, _off^_usr, _off^_usr, _off^_usr, _off^_usr
_off^_usr, _off^_usr, _off^_usr, _off^_usr, _off^_usr, _off^_usr, _off^_usr, _off^_usr, _off^_usr, _off^_usr, _off^_usr, Xu, Wwf, Gs^Fms, Gg^Fet, Rr, Wwf, Ds, Gs^Fms, Xu, Xu, _off^_usr, Xu, _off^_usr, _off^_usr, _off^_usr, _off^_usr, _off^_usr, _off^_usr, _off^_usr, _off^_usr, _off^_usr, _off^_usr
_off^_usr, _off^_usr, _off^_usr, _off^_usr, _off^_usr, _off^_usr, _off^_usr, _off^_usr, _off^_usr, _off^_usr, _off^_usr, Xu, Wwf, Hh, Hh, Rr, Wwf, Gs^Fms, Uh, Urb, Urb, Xu, Wo, Xu, Xu, _off^_usr, _off^_usr, _off^_usr, _off^_usr, _off^_usr, _off^_usr, _off^_usr, _off^_usr
_off^_usr, _off^_usr, _off^_usr, _off^_usr, _off^_usr, _off^_usr, Xu, _off^_usr, _off^_usr, _off^_usr, Xu, Xu, Wwf, Ww, Gs^Fms, Gs^Ii, Wwf, Mm, Mm, Uu, Uu, Urb, Cvr, Ww, Wwf, Xu, Xu, _off^_usr, _off^_usr, _off^_usr, _off^_usr, _off^_usr, _off^_usr
_off^_usr, _off^_usr, _off^_usr, _off^_usr, Xu, Xu, Wwf, Xu, Xu, Xu, Wwf, Wwf, Hh, Rr, Rr, Gs^Fms, Wwf, Rr, Gs^Fms, Xu, Xu, Tb^Tf, Tb^Tf, Urb, Uu^Vu, Wwf, Xu, _off^_usr, _off^_usr, _off^_usr, _off^_usr, _off^_usr, _off^_usr
_off^_usr, _off^_usr, Xu, Xu, Rr, Rr, Gs^Fms, Wwf, Wwf, Wwf, Rr, Mm, Qlf, Tb^Tf, Rr, Ww, Wwf, Rr, Rr, Gs^Fms, Rb, Xu, Xu, Uu, Uu, Rr, Rr, Xu, Xu, Xu, Xu, _off^_usr, _off^_usr
_off^_usr, Xu, Rp, Rp, Hh, Gg^Fet, Gs^Fms, Gs^Vht, Gs, Gs^Fms, Rr, Qlf, Rr, Rr, Wwf, Wwf, Ds, Rp, Rp, Rb, Ds, Gs^Vht, Gs, Xu, Xu, Uh, Rr, Rp, Hh, Rr, Rr^Vhc, Xu, _off^_usr
_off^_usr, Xu, Rp, Qxu, Qxu, Hh, Wwf, Ds, Ds, Tb^Tf, Rb, Hh, Wwf, Wwf, Gs^Fms, Ds, Gs^Fms, Gs^Fms, Hh, Rp, Rp, Ds, Gs^Fms, Hh, Hh, Mm, Mm, Rp, Hh, Gg^Fet, Gs^Fms, Xu, _off^_usr
_off^_usr, Xu, Ds, Wwf, Wwf, Wwf, Qxu, Wwf, Wwf^Bsb/, Rb, Mm, Wwf, Hh, Gs^Vh, Rr, Gs^Ii, Gs, Mm, Rr, Rr, Rr, Rp, Rp, Gs^Fms, Ds, Ds, Rp, Rp, Rp, Gs^Fms, Xu, Xu, _off^_usr
_off^_usr, Xu, Xu, Ds, Rr, Rr, Rr, Qxu^Bsb/, Wwf, Gg^Fet, Gs^Fms, Rp, Rr, Rr, Cf, Rr, Rp, Wwf, Wwf, Ds, Ds, Rr, Hh, Rp, Rp, Rp, Rr, Rr, Gs^Fms, Rp, Xu, _off^_usr, _off^_usr
_off^_usr, _off^_usr, Xu, Qlf, Rr, Cvr, Cvr, Rr, Wwf, Qxu, Qxu, Rp, Rp, Cf, 2 Kf, Cf, Xu, Hh, Gs^Vc, Wwf, Rp, Hh, Gg^Fet, Rr, Wwf, Rr^Vhc, Mm, Mm, Hh, Rr, Xu, _off^_usr, _off^_usr
_off^_usr, _off^_usr, Xu, Qlf, Rp, Rr, Rr, Rr, Ds, Wwf, Wwf, Xu, Xu, Cf, Xu, Xu, Rp, Xu, Xu, Gs^Fms, Rp, Gs^Fms, Gs^Fms, Rr, Wwf, Gs^Fms, Gs^Fms, Hh, Ss, Rr, Wwf, Xu, _off^_usr
_off^_usr, Xu, Wwf, Wwf, Ds, Rp, Rp, Gs^Vl, Gs^Fms, Ds, Rp, Rp, Gs^Fms, Xu, Rp, Rp, Wwt, Wwf, Wwf, Xu, Rr, Wwf, Wwf, Wwf, Rr, Rp, Rp, Ss, Rr, Gs^Fms, Wwf, Xu, _off^_usr
_off^_usr, Xu, Wwf, Mm, Gg^Fet, Ds, Rp, Hh, Cvr, Gs^Fms, Rp, Hh, Gg^Fet, Gs^Fms, Rp, Wwt, Ww^Vm, Wwf, Rp, Rr, Gg^Fet, Hh, Rp, Rr, Cvr, Rr, Rp, Rr, Gg^Fet, Hh, Wwf, Xu, _off^_usr
_off^_usr, Xu, Wwf, Hh, Rr, Rr, Rp, Rr, Rr, Rr, Wwf, Hh, Rr, Rr, Wwf, Wwf, Wwt, Wwt, Rp, Gs^Fms, Gs^Fms, Hh, Rp, Gs^Fms, Gs^Fms, Hh, Rp, Ds, Ds, Mm, Wwf, Xu, _off^_usr
_off^_usr, Xu, Wwf, Gs^Fms, Ss, Ss, Gs^Fms, Rp, Wwf, Wwf, Gs^Fms, Wwf, Rp, Xu, Xu, Wwf, Rp, Rp, Xu, Xu, Xu, Rp, Wwf, Ds, Ds, Gs^Vl, Rr, Rp, Rp, Wwf, Xu, Xu, _off^_usr
_off^_usr, Xu, Xu, Rr, Hh, Hh, Mm, Gs^Fms, Wwf, Rr, Gg^Fet, Gs^Fms, Rp, Gs^Fms, Gs^Vc, Xu, Xu, Xu, 1 Kf, Cf, Rp, Xu, Qxu, Wwf, Wwf, Rr, Cvr, Rr, Rr, Qlf, Xu, _off^_usr, _off^_usr
_off^_usr, _off^_usr, Xu, Rr, Gs^Fms, Mm, Rr, Rr^Vhc, Rp, Rr, Hh, Hh, Ds, Wwf, Wwf, Hh, Rp, Cf, Cf, Cf, Rr, Rp, Gs^Fms, Qxu, Wwf, Rr, Rr, Cvr, Rr, Qlf, Xu, _off^_usr, _off^_usr
_off^_usr, _off^_usr, Xu, Rp, Rp, Rr, Rp, Rp, Ds, Rp, Rp, Rr, Rr, Ds, Rr, Wwf, Gs, Rr, Rr, Rr, Hh, Rp, Mm, Gg^Fet, Wwf^Bsb/, Qxu^Bsb/, Qxu, Rr, Wwf, Ds, Ds, Xu, _off^_usr
_off^_usr, Xu, Gs^Fms, Gs^Fms, Hh, Rp, Mm, Ds, Hh, Gs^Fms, Gs^Fms, Rp, Rp, Rr, Hh, Mm, Gs^Fms, Gs^Ii, Gs^Fms, Gs^Vh, Wwf, Wwf, Rb, Rb, Ds, Wwf, Wwf, Wwf, Qxu, Wwf, Rp, Xu, _off^_usr
_off^_usr, Xu, Rr^Vhc, Gg^Fet, Hh, Rp, Rr, Mm, Xu, Hh, Gs, Ds, Ds, Rp, Rp, Gs^Fms, Ds, Ds, Wwf, Wwf, Rr, Hh, Rr, Tb^Tf, Gs, Ds, Gs^Fms, Hh, Hh, Qxu, Rp, Xu, _off^_usr
_off^_usr, Xu, Xu, Rr, Xu, Rp, Rr, Uh, Uu, Xu, Xu, Gs^Vht, Rb, Rb, Rr, Rp, Wwf, Wwf, Rr, Rr, Qlf, Qlf, Rr, Gs^Fms, Wwf, Gs^Vht, Gs^Fms, Gg^Fet, Rr, Rp, Xu, Xu, _off^_usr
_off^_usr, _off^_usr, _off^_usr, Xu, _off^_usr, Xu, Xu, Rr, Uu^Vu, Uu, Tb^Tf, Xu, Xu, Gs^Fms, Gs^Fms, Rr, Wwf, Ww, Rr, Tb^Tf, Hh, Mm, Wwf, Wwf, Xu, Wwf, Wwf, Rr, Xu, Xu, _off^_usr, _off^_usr, _off^_usr
_off^_usr, _off^_usr, _off^_usr, _off^_usr, _off^_usr, _off^_usr, Xu, Wwf, Wwf, Urb, Cvr, Tb^Tf, Uu, Xu, Mm, Rr, Wwf, Gs^Fms, Gs^Fms, Rr, Wwf, Wwf, Xu, Xu, _off^_usr, Xu, Xu, Xu, _off^_usr, _off^_usr, _off^_usr, _off^_usr, _off^_usr
_off^_usr, _off^_usr, _off^_usr, _off^_usr, _off^_usr, _off^_usr, _off^_usr, Xu, Xu, Ww, Wo, Urb, Urb, Uu, Uh, Mm, Wwf, Gs^Ii, Hh, Ww, Wwf, Xu, _off^_usr, _off^_usr, _off^_usr, _off^_usr, _off^_usr, _off^_usr, _off^_usr, _off^_usr, _off^_usr, _off^_usr, _off^_usr
_off^_usr, _off^_usr, _off^_usr, _off^_usr, _off^_usr, _off^_usr, _off^_usr, _off^_usr, _off^_usr, Xu, Xu, Xu, Xu, Urb, Gs^Fms, Gs^Fms, Wwf, Rr, Gg^Fet, Hh, Wwf, Xu, _off^_usr, _off^_usr, _off^_usr, _off^_usr, _off^_usr, _off^_usr, _off^_usr, _off^_usr, _off^_usr, _off^_usr, _off^_usr
_off^_usr, _off^_usr, _off^_usr, _off^_usr, _off^_usr, _off^_usr, _off^_usr, _off^_usr, _off^_usr, _off^_usr, _off^_usr, _off^_usr, _off^_usr, Xu, Ds, Ds, Wwf, Rr, Gs^Fms, Gs^Fms, Xu, Xu, _off^_usr, _off^_usr, _off^_usr, _off^_usr, _off^_usr, _off^_usr, _off^_usr, _off^_usr, _off^_usr, _off^_usr, _off^_usr
_off^_usr, _off^_usr, _off^_usr, _off^_usr, _off^_usr, _off^_usr, _off^_usr, _off^_usr, _off^_usr, _off^_usr, _off^_usr, _off^_usr, _off^_usr, Xu, Xu, Wwf, Ww^Vm, Wwf, Xu, Xu, _off^_usr, _off^_usr, _off^_usr, _off^_usr, _off^_usr, _off^_usr, _off^_usr, _off^_usr, _off^_usr, _off^_usr, _off^_usr, _off^_usr, _off^_usr
_off^_usr, _off^_usr, _off^_usr, _off^_usr, _off^_usr, _off^_usr, _off^_usr, _off^_usr, _off^_usr, _off^_usr, _off^_usr, _off^_usr, _off^_usr, _off^_usr, _off^_usr, Xu, Xu, Xu, _off^_usr, _off^_usr, _off^_usr, _off^_usr, _off^_usr, _off^_usr, _off^_usr, _off^_usr, _off^_usr, _off^_usr, _off^_usr, _off^_usr, _off^_usr, _off^_usr, _off^_usr
_off^_usr, _off^_usr, _off^_usr, _off^_usr, _off^_usr, _off^_usr, _off^_usr, _off^_usr, _off^_usr, _off^_usr, _off^_usr, _off^_usr, _off^_usr, _off^_usr, _off^_usr, _off^_usr, _off^_usr, _off^_usr, _off^_usr, _off^_usr, _off^_usr, _off^_usr, _off^_usr, _off^_usr, _off^_usr, _off^_usr, _off^_usr, _off^_usr, _off^_usr, _off^_usr, _off^_usr, _off^_usr, _off^_usr