_s, _s, _s, _s, _s, _s, _s, _s, _s, _s, _s, _s, _s, _s, _s, _s, _s, _s, _s, _s, _s, _s, _s, _s, _s, _s, _s, _s, _s
_s, _s, _s, _s, _s, _s, _s, _s, _s, _s, _s, _s, _s, _s, _s, _s, _s, _s, _s, _s, _s, _s, _s, _s, _s, _s, _s, _s, _s
_s, _s, _s, _s, _s, _s, _s, _s, _s, _s, Uu^Ii, Qxu, Tb^Tf, Uu^Ii, Uu^Ii, Uu^Ii, Uh^Ii, Ur^Ii, Uu^Ii, _s, _s, _s, _s, _s, _s, _s, _s, _s, _s
_s, _s, _s, _s, _s, _s, _s, _s, Uu^Ii, Uu^Ii, Ur, Qxu, Qxu, Uu, Xu, Tb^Tf, Ur, Ur, Xu, Uu^Ii, Uu^Ii, _s, _s, _s, _s, _s, _s, _s, _s
_s, _s, _s, _s, _s, _s, Uu^Ii, Uh^Ii, Ur, Ur, Uh, Ur, Qxu^Bs\, Uu, Cud, Xu, Ur, Rb, Tb^Tf, Xu, Qxu, Qxu, Uu^Ii, _s, _s, _s, _s, _s, _s
_s, _s, _s, _s, _s, Ur^Ii, Ur, Ur, Rb, Tb^Tf, Uu^Vud, Qxu, Tb^Tf, Ur, Ur, Ur, Rb, Ur, Ur, Cud, Qxu, Uh, Uu, Uu^Ii, _s, _s, _s, _s, _s
_s, _s, _s, _s, Uu^Ii, Uu^Ii, Ur, Tb^Tf, Cud, Rb, Qxu, Qxu, Uh, Rb, Ur, Tb^Tf, Uh, Cud, Rb, Ur, Ur, Qxu, Uu, Uu^Ii, Uu^Ii, _s, _s, _s, _s
_s, _s, _s, _s, Uu^Ii, Uu, Ur, Rb, Kud, Rb, Rb, Uu, Rb, Rb, Ur, Uu^Vu, Rb, Xu, Rb, Uu, Qxu, Qxu^Bs\, Ur, Uu, Uu^Ii, _s, _s, _s, _s
_s, _s, _s, Uu^Ii, Uu, Uu, Qxu^Bs|, Uu, Qxu, Qxu, Xu, Uu^Vu, Ql^Bs|, Ql^Bs|, Ur, Ql^Bs|, Ql^Bs|, Xu, Xu, Uu^Vu, Qxu, Uu, Rb, Ur, Ur, Ur^Ii, _s, _s, _s
_s, _s, _s, Uu^Ii, Uh, Qxu, Ur, Qxu, Uu^Vu, Xu, Ql, Ql, Cud, Cud, 1 Kud, Cud, Cud, Ql, Ql, Xu, Qxu, Kud, Cud, Tb^Tf, Ur, Uu^Ii, _s, _s, _s
_s, _s, _s, Qxu, Qxu, Qxu, Ur, Uu, Rb, Xu, Ql, Uu^Vd, Cud, Isa, Isa, Isa, Cud, Uu^Vd, Ql, Xu, Rb, Rb, Rb, Rb, Ur, Uh^Ii, _s, _s, _s
_s, _s, _s, Uu^Ii, Xu, Cud, Ur, Rb, Xu, Xu, Ql^Bs/, Cud, Isa, Urb, Urb, Urb, Isa, Cud, Ql^Bs\, Uu^Vu, Uu, Qxu, Uu^Vud, Tb^Tf, Ur, Uu^Ii, _s, _s, _s
_s, _s, _s, Uu^Ii, Xu, Tb^Tf, Ur, Cud, Uh, Rb, Ql^Bs/, Cud, 2 Kud, Isa, Urb, Isa, 3 Kud, Cud, Ql^Bs\, Rb, Uh, Qxu, Qxu, Uh, Ur, Uu^Ii, _s, _s, _s
_s, _s, _s, Uu^Ii, Ur, Rb, Ur, Rb, Tb^Tf, Uu^Vu, Ur, Ur, Cud, Isa, Cud, Isa, Cud, Ur, Ur, Rb, Rb, Tb^Tf, Qxu^Bs/, Ur, Qxu, Uu^Ii, _s, _s, _s
_s, _s, _s, Ur^Ii, Uh, Ur, Xu, Ur, Ur, Ur, Rb, Ql^Bs/, Ql^Bs/, Cud, Uu^Vd, Cud, Ql^Bs\, Ql^Bs\, Uu^Vu, Ur, Ur, Ur, Uu, Qxu, Tb^Tf, Qxu, _s, _s, _s
_s, _s, _s, Uu^Ii, Uu^Ii, Tb^Tf, Xu, Cud, Ur, Rb, Uh, Rb, Uu^Vu, Ql, Ql, Ql, Xu, Re, Uh, Tb^Tf, Ur, Cud, Xu, Uu, Uu^Ii, Uu^Ii, _s, _s, _s
_s, _s, _s, _s, Uu^Ii, Uu, Uu, Uu, Qxu^Bs|, Tb^Tf, Qxu, Uu, Rb, Xu, Xu, Xu, Rb, Xu, Cud, Rb, Ur, Xu, Tb^Tf, Uu, Uu^Ii, _s, _s, _s, _s
_s, _s, _s, _s, _s, Uu^Ii, Tb^Tf, Qxu, Ur, Qxu, Uu^Vud, Qxu, Rb, Qxu, Qxu, Uu^Vu, Uu, Rb, Ur, Ur, Rb, Ur, Uh, Uu^Ii, _s, _s, _s, _s, _s
_s, _s, _s, _s, _s, Uu^Ii, Qxu, Qxu, Ur, Uh, Tb^Tf, Rb, Cud, Kud, Uu, Qxu, Ur, Ur, Cud, Tb^Tf, Xu, Ur, Ur^Ii, Uu^Ii, _s, _s, _s, _s, _s
_s, _s, _s, _s, _s, _s, _s, Uu^Ii, Uu^Ii, Ur, Ur, Rb, Tb^Tf, Rb, Ur, Qxu^Bs/, Qxu, Qxu, Qxu, Xu, Uu^Ii, Uu^Ii, _s, _s, _s, _s, _s, _s, _s
_s, _s, _s, _s, _s, _s, _s, _s, _s, Uu^Ii, Uh^Ii, Ur, Ur^Ii, Ur, Uu^Ii, Uu, Uu^Ii, Uh, Qxu, Uu^Ii, _s, _s, _s, _s, _s, _s, _s, _s, _s
_s, _s, _s, _s, _s, _s, _s, _s, _s, _s, _s, Uu^Ii, _s, Uu^Ii, _s, Uu^Ii, _s, Uu^Ii, _s, _s, _s, _s, _s, _s, _s, _s, _s, _s, _s
_s, _s, _s, _s, _s, _s, _s, _s, _s, _s, _s, _s, _s, _s, _s, _s, _s, _s, _s, _s, _s, _s, _s, _s, _s, _s, _s, _s, _s
_s, _s, _s, _s, _s, _s, _s, _s, _s, _s, _s, _s, _s, _s, _s, _s, _s, _s, _s, _s, _s, _s, _s, _s, _s, _s, _s, _s, _s
