Xv, Xv, Xv, Xv, Xv, Xv, Xv, Xv, Xv, Xv, Xv, Xv, Xv, Xv, Xv, Xv, Xv, Xv, Xv, Xv, Xv, Xv, Xv, Xv, Xv
Xv, Xv, Xv, Xv, Xv, Xv, Xv, Xv, Md^Xm, Md^Xm, Md^Xm, Md^Xm, Md^Xm, Md^Xm, Md^Xm, Md^Xm, Md^Xm, Xv, Xv, Xv, Xv, Xv, Xv, Xv, Xv
Xv, Xv, Xv, Xv, Xv, Xv, Wog, Md^Xm, Ss, Wwg, Ss, Ss, Ss, Wwg, Gd, Md, Gd^Fmw, Md^Xm, Md^Xm, Xv, Xv, Xv, Xv, Xv, Xv
Xv, Xv, Xv, Xv, Md^Xm, Md^Xm, Ss, Wwg, Wwg, Wwg, Gd^Em, Ss, Ce, Gd^Es, Rp, Rp, Rp, Gd, Rd, Md^Xm, Chr, Xv, Xv, Xv, Xv
Xv, Xv, Xv, Xv, Md^Xm, Wwg, Gd, Ss^Vhs, Wwg, Gd^Fmw, Rr, Gd, Gd, Rp, Ww, Hhd^Fdw, Wwg, Rp, Rp^Vhcr, Re, Re, Chr, 4 Khr, Xv, Xv
Xv, Xv, Xv, Md^Xm, Ss, Ss, Gd, Gd, Rp, Wwg^Bsb/, Gd, Rr, Rr, Rp, Md^Xm, Ss, Ss, Gd, Gd, Rp, Re, Chr, Chr, Xv, Xv
Xv, Xv, Md^Xm, Md^Xm, Ss, Hhd, Gd^Es, Rp, Gd, Wwg, Wwg, Gd^Vhr, Rr, Gd, Md, Md^Xm, Md^Xm, Gd^Es, Gd, Rp^Vhcr, Rp, Re, Chr, Xv, Xv
Xv, Xv, Md^Xm, Ai, Ai, Hhd^Fdw, Rp, Rp, Gd, Gd^Fmw, Wwf, Gd, Rr, Gd, Gd, Md, Md^Xm, Md, Gd^Es, Gd, Rp^Vhcr, Re, Md^Xm, Xv, Xv
Xv, Xv, Md^Xm, Aa^Vca, Aa, Rp, Ss, Chs, Wwg, Gd, Ds, Wwg, Rr^Vhc, Ch, Ch, Gd, Gd^Vhr, Md^Xm, Gd^Fmw, Gd, Rp, Rd, Md^Xm, Xv, Xv
Xv, Xv, Md^Xm, Aa, Gd, Rp, Ww, Wog, Wwg, Gd, Ch, Chw, Chw, 2 Kh, Ch, Gd, Wwg, Md^Xm, Ww, Rp, Gd, Hhd^Fdw, Md^Xm, Xv, Xv
Xv, Xv, Md^Xm, Hhd^Fdw, Rp, Rp, Gll^Fp, Md^Xm, Gd^Vhr, Gd, Ch, 1 Kh, Rr^Vhc, Chw, Ds, Gd, Wwg, Wog, Ss, Rp, Aa, Aa, Md^Xm, Xv, Xv
Xv, Xv, Md^Xm, Rd, Rp^Vhcr, Gd, Gd^Es, Md^Xm, Md^Xm, Gd, Gd, Ch, Rr, Wwg, Wwf, Gd, Gd, Chs, Rp, Rp, Ai, Aa^Vca, Md^Xm, Xv, Xv
Xv, Xv, Chr, Re, Rp, Gd, Gd, Md, Md^Xm, Md, Md, Gd, Rr, Gd, Wwg, Gd^Fmw, Gd, Rp, Gd^Es, Hhd^Fdw, Ss, Ai, Md^Xm, Xv, Xv
Xv, Xv, Chr, Re, Re, Rp^Vhcr, Re, Gd^Es, Ss, Md^Xm, Md^Xm, Gd, Rr, Gd^Vhr, Gd, Wwg, Rp, Rp, Gd, Hhd, Ss, Md^Xm, Xv, Xv, Xv
Xv, Xv, 3 Khr, Chr, Re, Rp, Rp^Vhcr, Rb, Wwg, Ss, Ww, Rp, Gd, Rr, Rr, Wwg^Bsb/, Wwg, Gd, Gd^Em, Ss, Md^Xm, Md^Xm, Xv, Xv, Xv
Xv, Xv, Xv, Chr, Chr, Re, Rd, Rp, Rp, Hhd^Fdw, Rp, Rp, Ce, Gd, Gd, Gd^Fmw, Wwg, Ss^Vhs, Ss, Wwg, Md^Xm, Xv, Xv, Xv, Xv
Xv, Xv, Xv, Xv, Xv, Md^Xm, Md^Xm, Gd, Gd^Fmw, Rp, Gd, Gd^Es, Ss, Ss, Ss, Wwg, Ss, Wwg, Wog, Md^Xm, Xv, Xv, Xv, Xv, Xv
Xv, Xv, Xv, Xv, Xv, Xv, Xv, Md^Xm, Md^Xm, Md, Md^Xm, Wwg, Md^Xm, Ss, Md^Xm, Wwg, Md^Xm, Md^Xm, Xv, Xv, Xv, Xv, Xv, Xv, Xv
Xv, Xv, Xv, Xv, Xv, Xv, Xv, Xv, Xv, Md^Xm, Xv, Md^Xm, Xv, Md^Xm, Xv, Md^Xm, Xv, Xv, Xv, Xv, Xv, Xv, Xv, Xv, Xv
Xv, Xv, Xv, Xv, Xv, Xv, Xv, Xv, Xv, Xv, Xv, Xv, Xv, Xv, Xv, Xv, Xv, Xv, Xv, Xv, Xv, Xv, Xv, Xv, Xv
