Wog, Wog, Wog, Wog, Xu, Xuc, Xu, Wog, Wog, Wog, Wog, Wog, Wog, Wog, Xu, Xuc, Xu, Wog, Wog, Wog, Wog, Wog, Wog, Wog, Xu, Xuc, Xu, Wog, Wog, Wog, Wog, Wog, Wog
Wog, Wog, Xu, Xu, Uue, Uu, Uh, Xu, Xuc, Wog, Wog, Wog, Xu, Xu, Uue, Uu, Uh, Xu, Xuc, Wog, Wog, Wog, Xu, Xu, Uue, Uu, Uh, Xu, Xuc, Wog, Wog, Wog, Xu
Cud, Xu, Cud, Uh, Uue, Re, Tb^Tf, Uh, Re, Wwf, Cud, Xu, Cud, Uh, Uue, Re, Tb^Tf, Uh, Re, Wwf, Cud, Xu, Cud, Uh, Uue, Re, Tb^Tf, Uh, Re, Wwf, Cud, Xu, Cud
Wwg, Xu, Uu, Tb^Tf, Uue, Uue, Uue, Uue, Ww^Vm, Wwf, Wwg, Xu, Uu, Tb^Tf, Uue, Uue, Uue, Uue, Ww^Vm, Wwf, Wwg, Xu, Uu, Tb^Tf, Uue, Uue, Uue, Uue, Ww^Vm, Wwf, Wwg, Xu, Rb
Qxu, Xu, Wwg, Rb, Re^Br/, Re, Ur^Br/, Ur^Br/, Wwg, Wwg, Qxu, Xu, Wwg, Rb, Re^Br/, Re, Ur^Br/, Ur^Br/, Wwg, Wwg, Qxu, Xu, Wwg, Rb, Re^Br/, Re, Ur^Br/, Ur^Br/, Wwg, Wwg, Qxu, Xu, Wwg
Uu^Uf, Xu, Uh, Wwf^Br|, Wwf, Ur^Br\, Wwg, Ur^Br\, Wwf^Br\, Uu, Tb^Tf, Xu, Uh, Wwf^Br|, Wwf, Ur^Br\, Wwg, Ur^Br\, Wwf^Br\, Uu, Tb^Tf, Xu, Uh, Wwf^Br|, Wwf, Ur^Br\, Wwg, Ur^Br\, Wwf^Br\, Uu, Tb^Tf, Xu, Uu^Vud
Ur, Xu, Ur^Br|, Ur^Br/, Wwf, Wwf, Wwg, Wwg, Cud, Ur^Br|, Uu^Vud, Xu, Ur^Br|, Ur^Br/, Wwf, Wwf, Wwg, Wwg, Cud, Ur^Br|, Uu^Vud, Xu, Ur^Br|, Ur^Br/, Wwf, Wwf, Wwg, Wwg, Cud, Ur^Br|, Uu^Vud, Xu, Rb
Uu^Vud, Xu, Ur^Br|, Uu^Vud, Wwf, Tb^Tf, Wog, Wwg, Kud, Ur^Br|, Ur^Br\, Xu, Ur^Br|, Uu^Vud, Wwf, Tb^Tf, Wog, Wwg, Kud, Ur^Br|, Ur^Br\, Xu, Ur^Br|, Uu^Vud, Wwf, Tb^Tf, Wog, Wwg, Kud, Ur^Br|, Ur^Br\, Xu, Uh
Wwf, Xu, Wwf, Ur^Br\, Wwf^Br\, Uh, Wwg, Wwg, Wwg, Wwf, Wwf^Br|, Xu, Wwf, Ur^Br\, Wwf^Br\, Uh, Wwg, Wwg, Wwg, Wwf, Wwf^Br|, Xu, Wwf, Ur^Br\, Wwf^Br\, Uh, Wwg, Wwg, Wwg, Wwf, Wwf^Br|, Xu, Wwg
Xu, Wwg, Cud, Wwf, Ur^Br|, Wwg, Qxu, Uh, Ur, Ur^Br/, Xu, Wwg, Cud, Wwf, Ur^Br|, Wwg, Qxu, Uh, Ur, Ur^Br/, Xu, Wwg, Cud, Wwf, Ur^Br|, Wwg, Qxu, Uh, Ur, Ur^Br/, Xu, Wwg, Cud
Xu, Cud, 1 Kud, Cud, Ur^Br|, Qxu^Bs\, Ur, Ur, Uh, Ur^Br|, Xu, Cud, 2 Kud, Cud, Ur^Br|, Qxu^Bs\, Ur, Ur, Uh, Ur^Br|, Xu, Cud, 3 Kud, Cud, Ur^Br|, Qxu^Bs\, Ur, Ur, Uh, Ur^Br|, Xu, Cud, Qxu
Ur^Br\, Xu, Ur^Br\, Cud, Ur^Br|, Qxu, Uu, Uu, Tb^Tf, Ur^Br\, Ur^Br\, Xu, Ur^Br/, Cud, Ur^Br/, Qxu, Uu, Uu, Tb^Tf, Ur^Br\, Ur^Br\, Xu, Ur^Br/, Cud, Ur^Br/, Qxu, Uu, Uu, Tb^Tf, Uu^Br\, Ur^Br\, Xu, Ur^Br/
Uu, Ur^Br/, Uu^Vu, Ur^Br/, Qxu, Qxu, Uh, Cud, Qxu, Uu, Uh, Ur^Br\, Uu^Vu, Ur^Br\, Qxu, Qxu, Uh, Cud, Qxu, Uu, Uh, Ur^Br\, Uu^Vu, Ur^Br\, Qxu, Qxu, Uh, Cud, Qxu, Uu, Uh, Ur^Br\, Uu^Vu
Qxu, Qxu, Qxu, Qxu, Qxu, Qxu, Qxu, Qxu, Qxu, Qxu, Qxu, Qxu, Qxu, Qxu, Qxu, Qxu, Qxu, Qxu, Qxu, Qxu, Qxu, Qxu, Qxu, Qxu, Qxu, Qxu, Qxu, Qxu, Qxu, Qxu, Qxu, Qxu, Qxu
