Xv, Xv, Xv, Xv, Xv, Xv, Xv, Xv, Xv, Xv, Xv, Xv, Xv, Xv, Xv, Xv, Xv, Xv, Xv, Xv, Xv, Xv, Xv, Xv, Xv, Xv, Xv, Xv, Xv
Xv, Xv, Xv, Xv, Xv, Xv, Xv, Xv, Xv, Xv, Xv, Xv, Xv, Xv, Xv, Xv, Xv, Xv, Xv, Xv, Xv, Xv, Xv, Xv, Xv, Xv, Xv, Xv, Xv
Xv, Xv, Xv, Xv, Xv, Xv, Xv, Xv, Xv, Xv, Gg, Ww, Gs^Fp, Gg, Gg^Es, Gg^Es, Hh, Rp, Gg, Xv, Xv, Xv, Xv, Xv, Xv, Xv, Xv, Xv, Xv
Xv, Xv, Xv, Xv, Xv, Xv, Xv, Xv, Gg, Gg, Gg, Ww, Ww, Gs, Gg, Gs^Fp, Rp, Rp, Gg, Gg, Gg, Xv, Xv, Xv, Xv, Xv, Xv, Xv, Xv
Xv, Xv, Xv, Xv, Xv, Xv, Gg, Gg^Es, Gs, Gg, Hh, Gg^Es, Wwf, Gg, Gs, Mm, Rp, Gg, Gs^Fp, Gg^Em, Ww, Ww, Gg, Xv, Xv, Xv, Xv, Xv, Xv
Xv, Xv, Xv, Xv, Xv, Gg^Es, Gd^Gvs, Re^Gvs, Gg, Gs^Fp, Mm^Vhh, Ww, Gs^Fp, Gg, Rp, Rp, Gg, Gg, Gg^Vc, Hh, Ww, Hh, Gg, Gg, Xv, Xv, Xv, Xv, Xv
Xv, Xv, Xv, Xv, Gg^Es, Gg, Re^Gvs, Gd^Gvs, Gg, Ds, Ww, Ww, Gg, Gg, Chr, Gg, Gs^Fms, Gs, Gg, Gg^Es, Gg, Ww, Gg^Wm, Gg, Gg^Es, Xv, Xv, Xv, Xv
Xv, Xv, Xv, Xv, Gg, Gg, Gg, Gg, Gg^Es, Ww, Ss, Ds, Hh, Gg, Ww^Bsb|, Gg, Hh^Vhh, Mm, Gg, Gg, Ww, Ww, Gg, Gg, Gg, Xv, Xv, Xv, Xv
Xv, Xv, Xv, Gg, Gg^Em, Gg^Wm, Ww, Ds, Ww, Ww, Ww, Ss^Vhs, Wwf, Ww, 1 Kh, Ww, Wwf, Hh^Fms, Gg, Hh, Ww, Ds, Gg, Re^Gvs, Gd^Gvs, Gg^Es, Xv, Xv, Xv
Xv, Xv, Xv, Gg, Hh, Ww, Gg, Ww, Hh, Mm, Ww, Ww, Ch, Ch, Gg, Ch, Ch, Ww, Ww, Mm, Ww, Gg^Es, Gg, Gd^Gvs, Re^Gvs, Gg, Xv, Xv, Xv
Xv, Xv, Xv, Ww, Ww, Ww, Gg, Gg^Es, Gg, Gg, Ww, Chw, Rrc^Vhc, Gg, Gg, Gg, Rrc^Vhc, Chw, Ww, Ww, Ss, Ww, Ds, Gg, Gs, Gg^Es, Xv, Xv, Xv
Xv, Xv, Xv, Gg, Gs, Hh, Gg^Vc, Gg, Mm, Hh^Fms, Wwf, Ch, Gg, Rrc, Rrc, Rrc, Gg, Ch, Wwf, Ss^Vhs, Ds, Ww, Mm^Vhh, Gs^Fp, Gg, Gg, Xv, Xv, Xv
Xv, Xv, Xv, Gg, Gg^Es, Gs^Fp, Gg, Gs^Em, Gs^Fms, Hh^Vhh, Ww, Ch, Gg, Gg, Rrc, Gg, Gg, Ch, Ww, Hh, Gg, Ww, Ww, Hh, Gg, Gg, Xv, Xv, Xv
Xv, Xv, Xv, Gg, Rp, Gg, Rp, Gg, Gg, Gg, Ww^Bsb/, 2 Kh, Ch, Gg, Rrc^Vhc, Gg, Ch, 3 Kh, Ww^Bsb\, Gg, Gg, Gs^Fp, Wwf, Gg, Ww, Gg, Xv, Xv, Xv
Xv, Xv, Xv, Rp, Hh, Rp, Mm, Rp, Rp, Chr, Gg, Ww, Wwf, Ch, Chw, Ch, Wwf, Ww, Gg, Chr, Rp, Gg, Gg, Ww, Gs^Fp, Ww, Xv, Xv, Xv
Xv, Xv, Xv, Gg, Gg, Gs^Fp, Gg, Gs, Gg, Gg, Gg, Hh, Ss^Vhs, Ww, Ww, Ww, Hh^Fms, Hh^Vhh, Gs^Fms, Gg, Rp, Gs, Gg, Gs, Gg, Gg, Xv, Xv, Xv
Xv, Xv, Xv, Xv, Gg, Gg^Es, Gs, Gg, Wwf, Gs^Fp, Ww, Ds, Ss, Ww, Mm, Gg, Gg, Mm, Gs, Gg^Es, Rp, Mm, Gs^Fp, Gg^Es, Gg, Xv, Xv, Xv, Xv
Xv, Xv, Xv, Xv, Xv, Gg, Gs^Fp, Ww, Gg, Ww, Mm^Vhh, Ww, Ww, Ww, Ww, Hh, Gg, Gg^Es, Gg^Vc, Gg, Gg, Rp, Hh, Gg, Xv, Xv, Xv, Xv, Xv
Xv, Xv, Xv, Xv, Xv, Gg, Ww, Ww, Gg, Hh, Gs^Fp, Ds, Gg, Gg^Es, Ds, Ww, Gg, Gg, Hh, Gs^Fp, Gg, Rp, Rp, Gg, Xv, Xv, Xv, Xv, Xv
Xv, Xv, Xv, Xv, Xv, Xv, Xv, Gg, Gg^Es, Gg, Gs, Gg^Es, Gd^Gvs, Gg, Gg, Ww, Ww, Ww, Ww, Gs, Gg, Gg, Xv, Xv, Xv, Xv, Xv, Xv, Xv
Xv, Xv, Xv, Xv, Xv, Xv, Xv, Xv, Xv, Gg, Gg^Es, Re^Gvs, Gd^Gvs, Re^Gvs, Gg, Gg^Wm, Gg, Hh, Ww, Gg, Xv, Xv, Xv, Xv, Xv, Xv, Xv, Xv, Xv
Xv, Xv, Xv, Xv, Xv, Xv, Xv, Xv, Xv, Xv, Xv, Gg, Xv, Gg^Es, Xv, Gg^Es, Xv, Gg, Xv, Xv, Xv, Xv, Xv, Xv, Xv, Xv, Xv, Xv, Xv
Xv, Xv, Xv, Xv, Xv, Xv, Xv, Xv, Xv, Xv, Xv, Xv, Xv, Xv, Xv, Xv, Xv, Xv, Xv, Xv, Xv, Xv, Xv, Xv, Xv, Xv, Xv, Xv, Xv
Xv, Xv, Xv, Xv, Xv, Xv, Xv, Xv, Xv, Xv, Xv, Xv, Xv, Xv, Xv, Xv, Xv, Xv, Xv, Xv, Xv, Xv, Xv, Xv, Xv, Xv, Xv, Xv, Xv
