Xv, Xv, Xv, Xv, Xv, Xv, Xv, Xv, Xv, Xv, Xv, Xv, Xv, Xv, Xv, Xv, Xv, Xv, Xv, Xv, Xv, Xv, Xv, Xv, Xv, Xv, Xv, Xv, Xv, Xv
Xv, Xv, Xv, Xv, Xv, Xv, Xv, Xv, Xv, Xv, Xv, Xv, Xv, Xv, Ql, Ql, Dd^Dc, Xv, Xv, Xv, Xv, Xv, Xv, Xv, Xv, Xv, Xv, Xv, Xv, Xv
Xv, Xv, Xv, Xv, Xv, Xv, Xv, Xv, Xv, Xv, Xv, Xv, Xv, Xv, Uu, Rb, Rb, Uu^Em, Uu^Vu, Xv, Xv, Xv, Xv, Xv, Xv, Xv, Xv, Xv, Xv, Xv
Xv, Xv, Xv, Xv, Xv, Xv, Xv, Xv, Xv, Xv, Xv, Xv, Xv, Uh, Ch, Re, Hhd, Ur, Ur, Uu^Ii, Gd, Xv, Xv, Xv, Xv, Xv, Xv, Xv, Xv, Xv
Xv, Xv, Xv, Xv, Xv, Xv, Xv, Xv, Xv, Xv, Xv, Xv, Mm, Re^Fdw, Ch, Re, Gg, Gg^Uf, Gs, Gd, Hd, Dd^Do, Gd^Edpp, Xv, Xv, Xv, Xv, Xv, Xv, Xv
Xv, Xv, Xv, Xv, Xv, Xv, Xv, Xv, Xv, Xv, Xv, Xv, Hh, 2 Kh, Gg, Gg, Gs^Fms, Gg, Wwf, Gs, Dd^Vda, Ds^Esd, Gs^Fts, Gs, Gs^Uf, Xv, Xv, Xv, Xv, Xv
Xv, Xv, Xv, Xv, Xv, Xv, Xv, Xv, Xv, Xv, Xv, Wo, Chw, Ch, Hh^Fp, Gg, Hh^Vhh, Gg, Wwg, Gs, Gs, Gs, Gs^Ft, Gs, Md, Xv, Xv, Xv, Xv, Xv
Xv, Xv, Xv, Xv, Xv, Xv, Xv, Xv, Xv, Xv, Ww, Ww, Wwf, Gg, Gg, Gg, Gg, Wwf, Gg^Fet, Hh, Gg, Gg, Gg, Gg, Xv, Xv, Xv, Xv, Xv, Xv
Xv, Xv, Xv, Xv, Xv, Xv, Xv, Xv, Xv, Xv, Ww, Ds, Gs^Fds, Ww, Ww^Bw|, Wwr, Gg, Ww, Gg^Efm, Gg, Gg, Gg, Hh^Fmw, Hh, Xv, Xv, Xv, Xv, Xv, Xv
Xv, Xv, Xv, Xv, Xv, Xv, Xv, Xv, Xv, Xv, Xv, Gg, Gg^Efm, Ww^Ewf, Gg, Ww, Ww, Wwf, Ww, Gg, Gg, Rb, Ms, Xv, Xv, Xv, Xv, Xv, Xv, Xv
Xv, Xv, Gs^Uf, Md, Gg, Hh, Hh^Fmw, Ms, Ai, Ha^Fpa, Sm, Xv, Xv, Gg, Ds^Vc, Gg, Wwf, Gg, Wwf, Gg, Aa^Vea, Ai, Xv, Xv, Xv, Xv, Xv, Xv, Xv, Xv
Xv, Xv, Gs, Gs, Gs^Ft, Gg, Gg, Rb, Gg, Aa^Vea, Gll^Fp, Chs, Wwg, Xv, Xv, Gg^Efm, Gs^Ft, Gg, Ww, Gll^Fp, Sm, Ha^Fpa, Xv, Xv, Xv, Xv, Xv, Xv, Xv, Xv
Xv, Xv, Gd^Edpp, Gs^Fts, Gs, Gg, Gg, Gg, Gg, Gg, Wwf, Ww, Gg, Xv, Xv, Xv, Xv, Gg, Wwg, Chs, Xv, Xv, Ww, Xv, Xv, Xv, Xv, Xv, Xv, Xv
Xv, Xv, Dd^Do, Ds^Esd, Dd^Vda, Gs, Hh, Gg, Gg^Efm, Ww, Gg, Gg, Gs^Ft, Xv, Xv, 4 Xv, Xv, Xv, Xv, Xv, Gg^Efm, Gg, Ds, Ww, Xv, Xv, Xv, Xv, Xv, Xv
Xv, Xv, Gd, Hd, Gs, Gs, Wwg, Gg^Fet, Ww, Wwf, Ww, Wwf, Gg^Efm, Xv, Xv, Xv, Xv, Xv, Ds^Vc, Gg, Ww^Ewf, Gs^Fds, Wwf, Ww, Wo, Xv, Xv, Xv, Xv, Xv
Xv, Xv, Uu^Ii, Gd, Gs, Wwf, Gg, Wwf, Gg, Gg, Ww, Gg, Ds^Vc, Xv, Xv, Xv, Gs^Ft, Gg^Efm, Gg, Gg, Ww^Bw\, Ww, Gg, Chw, Hh, Xv, Xv, Xv, Xv, Xv
Xv, Xv, Uu^Vu, Ur, Gg^Uf, Gg, Gs^Fms, Hh^Vhh, Gg, Wwr, Ww^Bw/, Gg, Gg, Xv, Wwg, Gg, Gg, Wwf, Ww, Ww, Wwr, Gg, Hh^Fp, Ch, 3 Kh, Mm, Xv, Xv, Xv, Xv
Xv, Xv, Uu^Em, Ur, Hhd, Gg, Gg, Gg, Hh^Fp, Gg, Ww, Ww^Ewf, Gg^Efm, Xv, Chs, Ww, Wwf, Gg, Wwf, Gg, Gg, Gg, Gg, Gg, Ch, Re^Fdw, Uh, Xv, Xv, Xv
Xv, Xv, Dd^Dc, Rb, Re, Re, Ch, Gg, Ch, Gg, Wwf, Gs^Fds, Gg, Xv, Sm, Gll^Fp, Gg, Ww, Gg^Efm, Ww, Wwf, Hh^Vhh, Gs^Fms, Gg, Re, Ch, Uu, Xv, Xv, Xv
Xv, Xv, Ql, Rb, Uu, Ch, Re^Fdw, 1 Kh, Hh, Chw, Ww, Ds, Ww, Xv, Ha^Fpa, Aa^Vea, Gg, Gg, Gg, Gg^Fet, Wwg, Gg, Gg, Gg, Hhd, Re, Rb, Ql, Xv, Xv
Xv, Xv, Xv, Ql, Xv, Uh, Xv, Mm, Xv, Wo, Xv, Ww, Xv, Xv, Xv, Ai, Rb, Gg, Gg, Hh, Gs, Wwf, Gs, Gg^Uf, Ur, Rb, Dd^Dc, Ql, Xv, Xv
Xv, Xv, Xv, Xv, Xv, Xv, Xv, Xv, Xv, Xv, Xv, Xv, Xv, Xv, Xv, Ms, Hh^Fmw, Gg, Gg, Gs, Dd^Vda, Gs, Gd, Ur, Uu^Vu, Uu^Em, Xv, Xv, Xv, Xv
Xv, Xv, Xv, Xv, Xv, Xv, Xv, Xv, Xv, Xv, Xv, Xv, Xv, Xv, Xv, Xv, Hh, Gg, Gs^Ft, Gs, Ds^Esd, Hd, Gd, Uu^Ii, Xv, Xv, Xv, Xv, Xv, Xv
Xv, Xv, Xv, Xv, Xv, Xv, Xv, Xv, Xv, Xv, Xv, Xv, Xv, Xv, Xv, Xv, Xv, Gg, Gs, Gs^Fts, Gd^Edpp, Dd^Do, Xv, Xv, Xv, Xv, Xv, Xv, Xv, Xv
Xv, Xv, Xv, Xv, Xv, Xv, Xv, Xv, Xv, Xv, Xv, Xv, Xv, Xv, Xv, Xv, Xv, Md, Gs^Uf, Gs, Xv, Xv, Xv, Xv, Xv, Xv, Xv, Xv, Xv, Xv
Xv, Xv, Xv, Xv, Xv, Xv, Xv, Xv, Xv, Xv, Xv, Xv, Xv, Xv, Xv, Xv, Xv, Xv, Xv, Xv, Xv, Xv, Xv, Xv, Xv, Xv, Xv, Xv, Xv, Xv
