Xv, Xv, Xv, Xv, Xv, Xv, Xv, Xv, Xv, Xv, Xv, Xv, Xv, Xv, Xv, Xv, Xv, Xv, Xv, Xv, Xv, Xv, Xv, Xv, Xv, Xv, Xv
Xv, Xv, Xv, Xv, Xv, Xv, Xv, Xv, Xv, Xv, Xv, Xv, Xv, 3 Xv, Xv, Xv, Xv, Xv, Xv, Xv, Xv, Xv, Xv, Xv, Xv, Xv, Xv
Xv, Xv, Xv, Xv, Xv, Xv, Xv, Xv, Xv, Xv, Xv, Xv, Xv, Xv, Xv, Xv, Xv, Xv, Xv, Xv, Xv, Xv, Xv, Xv, Xv, Xv, Xv
Xv, Xv, Gs^Uf, Md, Gg, Hh, Hh^Fmw, Ms, Ai, Ha^Fpa, Sm, Mm, Ss, Xv, Ww, Ww, Ww, Wo, Hh, Mm, Re^Fdw, Uh, Uu, Ql, Ql, Xv, Xv
Xv, Xv, Gs, Gs, Gs^Ft, Gg, Gg, Rb, Gg, Aa^Vea, Gll^Fp, Chs, Wwg, Xv, Gg, Ds, Wwf, Chw, Ch, 2 Kh, Ch, Ch, Re, Rb, Dd^Dc, Xv, Xv
Xv, Xv, Gd^Edpp, Gs^Fts, Gs, Gg, Gg, Gg, Gg, Gg, Wwf, Ww, Gg, Xv, Gg^Efm, Gs^Fds, Ww, Gg, Hh^Fp, Gg, Gg, Re, Hhd, Rb, Uu^Em, Xv, Xv
Xv, Xv, Dd^Do, Ds^Esd, Dd^Vda, Gs, Hh, Gg, Gg^Efm, Ww, Gg, Gg, Gs^Ft, Xv, Gg, Ww^Ewf, Ww^Bw/, Gg, Gg, Gg, Gs^Fms, Gg, Gg^Uf, Ur, Uu^Vu, Xv, Xv
Xv, Xv, Gd, Hd, Gs, Gs, Wwg, Gg^Fet, Ww, Wwf, Ww, Wwf, Gg^Efm, Xv, Ds^Vc, Gg, Ww, Wwr, Gg, Hh^Vhh, Gg, Gg, Gs, Ur, Uu^Ii, Xv, Xv
Xv, Xv, Uu^Ii, Gd, Gs, Wwf, Gg, Wwf, Gg, Gg, Ww, Gg, Ds^Vc, Xv, Gg^Efm, Gg, Ww, Gg, Ww, Wwf, Wwg, Wwf, Gs, Gd, Gd, Xv, Xv
Xv, Xv, Uu^Vu, Ur, Gg^Uf, Gg, Gs^Fms, Hh^Vhh, Gg, Wwr, Ww^Bw/, Gg, Gg, Xv, Gs^Ft, Wwf, Gg, Wwf, Gg^Efm, Gg^Fet, Hh, Gs, Dd^Vda, Hd, Dd^Do, Xv, Xv
Xv, Xv, Uu^Em, Ur, Hhd, Gg, Gg, Gg, Hh^Fp, Gg, Ww, Ww^Ewf, Gg^Efm, Xv, Gg, Gg, Wwf, Ww, Gg, Gg, Gg, Gs, Gs, Ds^Esd, Gd^Edpp, Xv, Xv
Xv, Xv, Dd^Dc, Rb, Re, Re, Ch, Gg, Ch, Gg, Wwf, Gs^Fds, Gg, Xv, Wwg, Ww, Gll^Fp, Gg, Gg, Gg, Gg, Gg, Gs^Ft, Gs^Fts, Gs, Xv, Xv
Xv, Xv, Ql, Rb, Uu, Ch, Re^Fdw, 1 Kh, Hh, Chw, Ww, Ds, Ww, Xv, Ss, Chs, Sm, Aa^Vea, Ai, Rb, Hh^Fmw, Gg, Gg, Gs, Gs^Uf, Xv, Xv
Xv, Xv, Xv, Ql, Xv, Uh, Xv, Mm, Xv, Wo, Xv, Ww, Xv, Xv, Xv, Mm, Xv, Ha^Fpa, Xv, Ms, Xv, Hh, Xv, Md, Xv, Xv, Xv
Xv, Xv, Xv, Xv, Xv, Xv, Xv, Xv, Xv, Xv, Xv, Xv, Xv, Xv, Xv, Xv, Xv, Xv, Xv, Xv, Xv, Xv, Xv, Xv, Xv, Xv, Xv
Xv, Xv, Xv, Xv, Xv, Xv, Xv, Xv, Xv, Xv, Xv, Xv, Xv, Xv, Xv, Xv, Xv, Xv, Xv, Xv, Xv, Xv, Xv, Xv, Xv, Xv, Xv
